Starting build 
MSBuild version 18.10.1-1.26427.6+3cd27c13e for .NET Framework

  settings.cpp
C:\Users\conta\Documents\GitHub\Whitehole-Pro\cpp\src\app\settings.cpp(25,30): warning C4996: 'getenv': This function or variable may be unsafe. Consider using _dupenv_s instead. To disable deprecation, use _CRT_SECURE_NO_WARNINGS. See online help for details. [C:\Users\conta\Documents\GitHub\Whitehole-Pro\build\whitehole_core.vcxproj]
C:\Users\conta\Documents\GitHub\Whitehole-Pro\cpp\src\app\settings.cpp(28,32): warning C4996: 'getenv': This function or variable may be unsafe. Consider using _dupenv_s instead. To disable deprecation, use _CRT_SECURE_NO_WARNINGS. See online help for details. [C:\Users\conta\Documents\GitHub\Whitehole-Pro\build\whitehole_core.vcxproj]
  areamanagerlimits.cpp
  data_holder.cpp
  hints.cpp
  modelsubstitutions.cpp
  name_table.cpp
  object_db.cpp
  shortcuts.cpp
  specialrenderers.cpp
  binary_file.cpp
  directory_filesystem.cpp
  rarc.cpp
  yaz0.cpp
  camera.cpp
  object_visual.cpp
  viewport_scene.cpp
  bcsv.cpp
  bti.cpp
  field_hashes.cpp
  galaxy_archive.cpp
  Generating Code...
  Compiling...
  game_archive.cpp
  hash.cpp
  stage_archive.cpp
  json.cpp
  Generating Code...
  whitehole_core.vcxproj -> C:\Users\conta\Documents\GitHub\Whitehole-Pro\build\Release\whitehole_core.lib
  Building Custom Rule C:/Users/conta/Documents/GitHub/Whitehole-Pro/CMakeLists.txt
  cli.cpp
  object_db_update.cpp
  gui_win32.cpp
C:\Users\conta\Documents\GitHub\Whitehole-Pro\cpp\src\app\gui_win32.cpp(19,1): error C2059: syntax error: '<<' [C:\Users\conta\Documents\GitHub\Whitehole-Pro\build\whitehole_app.vcxproj]
C:\Users\conta\Documents\GitHub\Whitehole-Pro\cpp\include\whitehole\db\object_db.hpp(23,25): error C2143: syntax error: missing ';' before '{' [C:\Users\conta\Documents\GitHub\Whitehole-Pro\build\whitehole_app.vcxproj]
  (compiling source file '../cpp/src/app/gui_win32.cpp')
  
C:\Users\conta\Documents\GitHub\Whitehole-Pro\cpp\include\whitehole\db\object_db.hpp(23,25): error C2447: '{': missing function header (old-style formal list?) [C:\Users\conta\Documents\GitHub\Whitehole-Pro\build\whitehole_app.vcxproj]
  (compiling source file '../cpp/src/app/gui_win32.cpp')
  
C:\Users\conta\Documents\GitHub\Whitehole-Pro\cpp\src\app\gui_win32.cpp(21,1): error C2059: syntax error: '==' [C:\Users\conta\Documents\GitHub\Whitehole-Pro\build\whitehole_app.vcxproj]
C:\Program Files\Microsoft Visual Studio\18\Community\VC\Tools\MSVC\14.51.36231\include\array(19,1): error C2143: syntax error: missing ';' before '{' [C:\Users\conta\Documents\GitHub\Whitehole-Pro\build\whitehole_app.vcxproj]
  (compiling source file '../cpp/src/app/gui_win32.cpp')
  
C:\Program Files\Microsoft Visual Studio\18\Community\VC\Tools\MSVC\14.51.36231\include\array(19,1): error C2447: '{': missing function header (old-style formal list?) [C:\Users\conta\Documents\GitHub\Whitehole-Pro\build\whitehole_app.vcxproj]
  (compiling source file '../cpp/src/app/gui_win32.cpp')
  
C:\Users\conta\Documents\GitHub\Whitehole-Pro\cpp\include\whitehole\math\geometry.hpp(59,27): error C2079: 'whitehole::math::Matrix4::values' uses undefined class 'std::array<float,16>' [C:\Users\conta\Documents\GitHub\Whitehole-Pro\build\whitehole_app.vcxproj]
  (compiling source file '../cpp/src/app/gui_win32.cpp')
  
C:\Users\conta\Documents\GitHub\Whitehole-Pro\cpp\include\whitehole\math\geometry.hpp(59,33): error C2439: 'whitehole::math::Matrix4::values': member could not be initialized [C:\Users\conta\Documents\GitHub\Whitehole-Pro\build\whitehole_app.vcxproj]
  (compiling source file '../cpp/src/app/gui_win32.cpp')
      C:\Users\conta\Documents\GitHub\Whitehole-Pro\cpp\include\whitehole\math\geometry.hpp(59,27):
      see declaration of 'whitehole::math::Matrix4::values'
  
C:\Users\conta\Documents\GitHub\Whitehole-Pro\cpp\include\whitehole\math\geometry.hpp(78,47): error C2109: subscript requires array or pointer type [C:\Users\conta\Documents\GitHub\Whitehole-Pro\build\whitehole_app.vcxproj]
  (compiling source file '../cpp/src/app/gui_win32.cpp')
  
C:\Users\conta\Documents\GitHub\Whitehole-Pro\cpp\include\whitehole\math\geometry.hpp(79,48): error C2109: subscript requires array or pointer type [C:\Users\conta\Documents\GitHub\Whitehole-Pro\build\whitehole_app.vcxproj]
  (compiling source file '../cpp/src/app/gui_win32.cpp')
  
C:\Users\conta\Documents\GitHub\Whitehole-Pro\cpp\include\whitehole\math\geometry.hpp(79,83): error C2109: subscript requires array or pointer type [C:\Users\conta\Documents\GitHub\Whitehole-Pro\build\whitehole_app.vcxproj]
  (compiling source file '../cpp/src/app/gui_win32.cpp')
  
C:\Users\conta\Documents\GitHub\Whitehole-Pro\cpp\include\whitehole\math\geometry.hpp(88,20): error C2109: subscript requires array or pointer type [C:\Users\conta\Documents\GitHub\Whitehole-Pro\build\whitehole_app.vcxproj]
  (compiling source file '../cpp/src/app/gui_win32.cpp')
  
C:\Users\conta\Documents\GitHub\Whitehole-Pro\cpp\include\whitehole\math\geometry.hpp(89,20): error C2109: subscript requires array or pointer type [C:\Users\conta\Documents\GitHub\Whitehole-Pro\build\whitehole_app.vcxproj]
  (compiling source file '../cpp/src/app/gui_win32.cpp')
  
C:\Users\conta\Documents\GitHub\Whitehole-Pro\cpp\include\whitehole\math\geometry.hpp(90,21): error C2109: subscript requires array or pointer type [C:\Users\conta\Documents\GitHub\Whitehole-Pro\build\whitehole_app.vcxproj]
  (compiling source file '../cpp/src/app/gui_win32.cpp')
  
C:\Users\conta\Documents\GitHub\Whitehole-Pro\cpp\include\whitehole\math\geometry.hpp(96,21): error C2109: subscript requires array or pointer type [C:\Users\conta\Documents\GitHub\Whitehole-Pro\build\whitehole_app.vcxproj]
  (compiling source file '../cpp/src/app/gui_win32.cpp')
  
C:\Users\conta\Documents\GitHub\Whitehole-Pro\cpp\include\whitehole\math\geometry.hpp(97,21): error C2109: subscript requires array or pointer type [C:\Users\conta\Documents\GitHub\Whitehole-Pro\build\whitehole_app.vcxproj]
  (compiling source file '../cpp/src/app/gui_win32.cpp')
  
C:\Users\conta\Documents\GitHub\Whitehole-Pro\cpp\include\whitehole\math\geometry.hpp(98,21): error C2109: subscript requires array or pointer type [C:\Users\conta\Documents\GitHub\Whitehole-Pro\build\whitehole_app.vcxproj]
  (compiling source file '../cpp/src/app/gui_win32.cpp')
  
C:\Users\conta\Documents\GitHub\Whitehole-Pro\cpp\include\whitehole\math\geometry.hpp(106,20): error C2109: subscript requires array or pointer type [C:\Users\conta\Documents\GitHub\Whitehole-Pro\build\whitehole_app.vcxproj]
  (compiling source file '../cpp/src/app/gui_win32.cpp')
  
C:\Users\conta\Documents\GitHub\Whitehole-Pro\cpp\include\whitehole\math\geometry.hpp(107,20): error C2109: subscript requires array or pointer type [C:\Users\conta\Documents\GitHub\Whitehole-Pro\build\whitehole_app.vcxproj]
  (compiling source file '../cpp/src/app/gui_win32.cpp')
  
C:\Users\conta\Documents\GitHub\Whitehole-Pro\cpp\include\whitehole\math\geometry.hpp(108,20): error C2109: subscript requires array or pointer type [C:\Users\conta\Documents\GitHub\Whitehole-Pro\build\whitehole_app.vcxproj]
  (compiling source file '../cpp/src/app/gui_win32.cpp')
  
C:\Users\conta\Documents\GitHub\Whitehole-Pro\cpp\include\whitehole\math\geometry.hpp(109,21): error C2109: subscript requires array or pointer type [C:\Users\conta\Documents\GitHub\Whitehole-Pro\build\whitehole_app.vcxproj]
  (compiling source file '../cpp/src/app/gui_win32.cpp')
  
C:\Users\conta\Documents\GitHub\Whitehole-Pro\cpp\include\whitehole\math\geometry.hpp(117,20): error C2109: subscript requires array or pointer type [C:\Users\conta\Documents\GitHub\Whitehole-Pro\build\whitehole_app.vcxproj]
  (compiling source file '../cpp/src/app/gui_win32.cpp')
  
C:\Users\conta\Documents\GitHub\Whitehole-Pro\cpp\include\whitehole\math\geometry.hpp(118,20): error C2109: subscript requires array or pointer type [C:\Users\conta\Documents\GitHub\Whitehole-Pro\build\whitehole_app.vcxproj]
  (compiling source file '../cpp/src/app/gui_win32.cpp')
  
C:\Users\conta\Documents\GitHub\Whitehole-Pro\cpp\include\whitehole\math\geometry.hpp(119,20): error C2109: subscript requires array or pointer type [C:\Users\conta\Documents\GitHub\Whitehole-Pro\build\whitehole_app.vcxproj]
  (compiling source file '../cpp/src/app/gui_win32.cpp')
  
C:\Users\conta\Documents\GitHub\Whitehole-Pro\cpp\include\whitehole\math\geometry.hpp(120,21): error C2109: subscript requires array or pointer type [C:\Users\conta\Documents\GitHub\Whitehole-Pro\build\whitehole_app.vcxproj]
  (compiling source file '../cpp/src/app/gui_win32.cpp')
  
C:\Users\conta\Documents\GitHub\Whitehole-Pro\cpp\include\whitehole\math\geometry.hpp(128,20): error C2109: subscript requires array or pointer type [C:\Users\conta\Documents\GitHub\Whitehole-Pro\build\whitehole_app.vcxproj]
  (compiling source file '../cpp/src/app/gui_win32.cpp')
  
C:\Users\conta\Documents\GitHub\Whitehole-Pro\cpp\include\whitehole\math\geometry.hpp(129,20): error C2109: subscript requires array or pointer type [C:\Users\conta\Documents\GitHub\Whitehole-Pro\build\whitehole_app.vcxproj]
  (compiling source file '../cpp/src/app/gui_win32.cpp')
  
C:\Users\conta\Documents\GitHub\Whitehole-Pro\cpp\include\whitehole\math\geometry.hpp(130,20): error C2109: subscript requires array or pointer type [C:\Users\conta\Documents\GitHub\Whitehole-Pro\build\whitehole_app.vcxproj]
  (compiling source file '../cpp/src/app/gui_win32.cpp')
  
C:\Users\conta\Documents\GitHub\Whitehole-Pro\cpp\include\whitehole\math\geometry.hpp(131,20): error C2109: subscript requires array or pointer type [C:\Users\conta\Documents\GitHub\Whitehole-Pro\build\whitehole_app.vcxproj]
  (compiling source file '../cpp/src/app/gui_win32.cpp')
  
C:\Users\conta\Documents\GitHub\Whitehole-Pro\cpp\include\whitehole\math\geometry.hpp(136,31): error C2109: subscript requires array or pointer type [C:\Users\conta\Documents\GitHub\Whitehole-Pro\build\whitehole_app.vcxproj]
  (compiling source file '../cpp/src/app/gui_win32.cpp')
  
C:\Users\conta\Documents\GitHub\Whitehole-Pro\cpp\include\whitehole\math\geometry.hpp(136,53): error C2109: subscript requires array or pointer type [C:\Users\conta\Documents\GitHub\Whitehole-Pro\build\whitehole_app.vcxproj]
  (compiling source file '../cpp/src/app/gui_win32.cpp')
  
C:\Users\conta\Documents\GitHub\Whitehole-Pro\cpp\include\whitehole\math\geometry.hpp(136,75): error C2109: subscript requires array or pointer type [C:\Users\conta\Documents\GitHub\Whitehole-Pro\build\whitehole_app.vcxproj]
  (compiling source file '../cpp/src/app/gui_win32.cpp')
  
C:\Users\conta\Documents\GitHub\Whitehole-Pro\cpp\include\whitehole\math\geometry.hpp(136,88): error C2109: subscript requires array or pointer type [C:\Users\conta\Documents\GitHub\Whitehole-Pro\build\whitehole_app.vcxproj]
  (compiling source file '../cpp/src/app/gui_win32.cpp')
  
C:\Users\conta\Documents\GitHub\Whitehole-Pro\cpp\include\whitehole\math\geometry.hpp(137,31): error C2109: subscript requires array or pointer type [C:\Users\conta\Documents\GitHub\Whitehole-Pro\build\whitehole_app.vcxproj]
  (compiling source file '../cpp/src/app/gui_win32.cpp')
  
C:\Users\conta\Documents\GitHub\Whitehole-Pro\cpp\include\whitehole\math\geometry.hpp(137,53): error C2109: subscript requires array or pointer type [C:\Users\conta\Documents\GitHub\Whitehole-Pro\build\whitehole_app.vcxproj]
  (compiling source file '../cpp/src/app/gui_win32.cpp')
  
C:\Users\conta\Documents\GitHub\Whitehole-Pro\cpp\include\whitehole\math\geometry.hpp(137,75): error C2109: subscript requires array or pointer type [C:\Users\conta\Documents\GitHub\Whitehole-Pro\build\whitehole_app.vcxproj]
  (compiling source file '../cpp/src/app/gui_win32.cpp')
  
C:\Users\conta\Documents\GitHub\Whitehole-Pro\cpp\include\whitehole\math\geometry.hpp(137,88): error C2109: subscript requires array or pointer type [C:\Users\conta\Documents\GitHub\Whitehole-Pro\build\whitehole_app.vcxproj]
  (compiling source file '../cpp/src/app/gui_win32.cpp')
  
C:\Users\conta\Documents\GitHub\Whitehole-Pro\cpp\include\whitehole\math\geometry.hpp(138,31): error C2109: subscript requires array or pointer type [C:\Users\conta\Documents\GitHub\Whitehole-Pro\build\whitehole_app.vcxproj]
  (compiling source file '../cpp/src/app/gui_win32.cpp')
  
C:\Users\conta\Documents\GitHub\Whitehole-Pro\cpp\include\whitehole\math\geometry.hpp(138,53): error C2109: subscript requires array or pointer type [C:\Users\conta\Documents\GitHub\Whitehole-Pro\build\whitehole_app.vcxproj]
  (compiling source file '../cpp/src/app/gui_win32.cpp')
  
C:\Users\conta\Documents\GitHub\Whitehole-Pro\cpp\include\whitehole\math\geometry.hpp(138,76): error C2109: subscript requires array or pointer type [C:\Users\conta\Documents\GitHub\Whitehole-Pro\build\whitehole_app.vcxproj]
  (compiling source file '../cpp/src/app/gui_win32.cpp')
  
C:\Users\conta\Documents\GitHub\Whitehole-Pro\cpp\include\whitehole\math\geometry.hpp(138,89): error C2109: subscript requires array or pointer type [C:\Users\conta\Documents\GitHub\Whitehole-Pro\build\whitehole_app.vcxproj]
  (compiling source file '../cpp/src/app/gui_win32.cpp')
  
C:\Users\conta\Documents\GitHub\Whitehole-Pro\cpp\src\app\gui_win32.cpp(23,1): error C2059: syntax error: '>>' [C:\Users\conta\Documents\GitHub\Whitehole-Pro\build\whitehole_app.vcxproj]
C:\Users\conta\Documents\GitHub\Whitehole-Pro\cpp\include\whitehole\render\camera.hpp(11,29): error C2143: syntax error: missing ';' before '{' [C:\Users\conta\Documents\GitHub\Whitehole-Pro\build\whitehole_app.vcxproj]
  (compiling source file '../cpp/src/app/gui_win32.cpp')
  
C:\Users\conta\Documents\GitHub\Whitehole-Pro\cpp\include\whitehole\render\camera.hpp(11,29): error C2447: '{': missing function header (old-style formal list?) [C:\Users\conta\Documents\GitHub\Whitehole-Pro\build\whitehole_app.vcxproj]
  (compiling source file '../cpp/src/app/gui_win32.cpp')
  
C:\Users\conta\Documents\GitHub\Whitehole-Pro\cpp\include\whitehole\render\viewport_scene.hpp(48,51): error C4430: missing type specifier - int assumed. Note: C++ does not support default-int [C:\Users\conta\Documents\GitHub\Whitehole-Pro\build\whitehole_app.vcxproj]
  (compiling source file '../cpp/src/app/gui_win32.cpp')
  
C:\Users\conta\Documents\GitHub\Whitehole-Pro\cpp\include\whitehole\render\viewport_scene.hpp(48,71): error C2143: syntax error: missing ',' before '&' [C:\Users\conta\Documents\GitHub\Whitehole-Pro\build\whitehole_app.vcxproj]
  (compiling source file '../cpp/src/app/gui_win32.cpp')
  
C:\Users\conta\Documents\GitHub\Whitehole-Pro\cpp\include\whitehole\render\viewport_scene.hpp(66,53): error C4430: missing type specifier - int assumed. Note: C++ does not support default-int [C:\Users\conta\Documents\GitHub\Whitehole-Pro\build\whitehole_app.vcxproj]
  (compiling source file '../cpp/src/app/gui_win32.cpp')
  
C:\Users\conta\Documents\GitHub\Whitehole-Pro\cpp\include\whitehole\render\viewport_scene.hpp(66,62): error C2143: syntax error: missing ',' before '&' [C:\Users\conta\Documents\GitHub\Whitehole-Pro\build\whitehole_app.vcxproj]
  (compiling source file '../cpp/src/app/gui_win32.cpp')
  
C:\Users\conta\Documents\GitHub\Whitehole-Pro\cpp\include\whitehole\render\viewport_win32.hpp(49,33): error C2143: syntax error: missing ';' before '&' [C:\Users\conta\Documents\GitHub\Whitehole-Pro\build\whitehole_app.vcxproj]
  (compiling source file '../cpp/src/app/gui_win32.cpp')
  
C:\Users\conta\Documents\GitHub\Whitehole-Pro\cpp\include\whitehole\render\viewport_win32.hpp(49,19): error C4430: missing type specifier - int assumed. Note: C++ does not support default-int [C:\Users\conta\Documents\GitHub\Whitehole-Pro\build\whitehole_app.vcxproj]
  (compiling source file '../cpp/src/app/gui_win32.cpp')
  
C:\Users\conta\Documents\GitHub\Whitehole-Pro\cpp\include\whitehole\render\viewport_win32.hpp(49,53): error C2334: unexpected token(s) preceding '{'; skipping apparent function body [C:\Users\conta\Documents\GitHub\Whitehole-Pro\build\whitehole_app.vcxproj]
  (compiling source file '../cpp/src/app/gui_win32.cpp')
  
C:\Users\conta\Documents\GitHub\Whitehole-Pro\cpp\include\whitehole\render\viewport_win32.hpp(69,20): error C3646: 'camera_': unknown override specifier [C:\Users\conta\Documents\GitHub\Whitehole-Pro\build\whitehole_app.vcxproj]
  (compiling source file '../cpp/src/app/gui_win32.cpp')
  
C:\Users\conta\Documents\GitHub\Whitehole-Pro\cpp\include\whitehole\render\viewport_win32.hpp(69,27): error C2059: syntax error: '{' [C:\Users\conta\Documents\GitHub\Whitehole-Pro\build\whitehole_app.vcxproj]
  (compiling source file '../cpp/src/app/gui_win32.cpp')
  
C:\Users\conta\Documents\GitHub\Whitehole-Pro\cpp\include\whitehole\render\viewport_win32.hpp(69,27): error C2334: unexpected token(s) preceding '{'; skipping apparent function body [C:\Users\conta\Documents\GitHub\Whitehole-Pro\build\whitehole_app.vcxproj]
  (compiling source file '../cpp/src/app/gui_win32.cpp')
  
C:\Users\conta\Documents\GitHub\Whitehole-Pro\cpp\src\app\gui_win32.cpp(122,26): error C2079: 'buffer' uses undefined class 'std::array<char,32>' [C:\Users\conta\Documents\GitHub\Whitehole-Pro\build\whitehole_app.vcxproj]
C:\Users\conta\Documents\GitHub\Whitehole-Pro\cpp\src\app\gui_win32.cpp(123,33): error C2661: 'std::to_chars': no overloaded function takes 2 arguments [C:\Users\conta\Documents\GitHub\Whitehole-Pro\build\whitehole_app.vcxproj]
      C:\Users\conta\Documents\GitHub\Whitehole-Pro\cpp\src\app\gui_win32.cpp(123,33):
      while trying to match the argument list '()'
  
C:\Users\conta\Documents\GitHub\Whitehole-Pro\cpp\src\app\gui_win32.cpp(225,9): error C2039: 'ObjectDatabase': is not a member of 'whitehole::db' [C:\Users\conta\Documents\GitHub\Whitehole-Pro\build\whitehole_app.vcxproj]
      C:\Users\conta\Documents\GitHub\Whitehole-Pro\cpp\include\whitehole\db\name_table.hpp(8,11):
      see declaration of 'whitehole::db'
  
C:\Users\conta\Documents\GitHub\Whitehole-Pro\cpp\src\app\gui_win32.cpp(225,24): error C3646: 'objectDb': unknown override specifier [C:\Users\conta\Documents\GitHub\Whitehole-Pro\build\whitehole_app.vcxproj]
C:\Users\conta\Documents\GitHub\Whitehole-Pro\cpp\src\app\gui_win32.cpp(225,9): error C4430: missing type specifier - int assumed. Note: C++ does not support default-int [C:\Users\conta\Documents\GitHub\Whitehole-Pro\build\whitehole_app.vcxproj]
C:\Users\conta\Documents\GitHub\Whitehole-Pro\cpp\src\app\gui_win32.cpp(409,44): error C2039: 'objectDb': is not a member of 'whitehole::app::`anonymous-namespace'::EditorState' [C:\Users\conta\Documents\GitHub\Whitehole-Pro\build\whitehole_app.vcxproj]
      C:\Users\conta\Documents\GitHub\Whitehole-Pro\cpp\src\app\gui_win32.cpp(221,8):
      see declaration of 'whitehole::app::`anonymous-namespace'::EditorState'
  
C:\Users\conta\Documents\GitHub\Whitehole-Pro\cpp\src\app\gui_win32.cpp(632,1): error C2059: syntax error: '<<' [C:\Users\conta\Documents\GitHub\Whitehole-Pro\build\whitehole_app.vcxproj]
C:\Users\conta\Documents\GitHub\Whitehole-Pro\cpp\src\app\gui_win32.cpp(638,1): error C2059: syntax error: '==' [C:\Users\conta\Documents\GitHub\Whitehole-Pro\build\whitehole_app.vcxproj]
C:\Users\conta\Documents\GitHub\Whitehole-Pro\cpp\src\app\gui_win32.cpp(644,1): error C2059: syntax error: '>>' [C:\Users\conta\Documents\GitHub\Whitehole-Pro\build\whitehole_app.vcxproj]
C:\Users\conta\Documents\GitHub\Whitehole-Pro\cpp\src\app\gui_win32.cpp(902,11): error C2374: 'viewMenu': redefinition; multiple initialization [C:\Users\conta\Documents\GitHub\Whitehole-Pro\build\whitehole_app.vcxproj]
      C:\Users\conta\Documents\GitHub\Whitehole-Pro\cpp\src\app\gui_win32.cpp(898,11):
      see declaration of 'viewMenu'
  
C:\Users\conta\Documents\GitHub\Whitehole-Pro\cpp\src\app\gui_win32.cpp(902,11): error C2086: 'HMENU viewMenu': redefinition [C:\Users\conta\Documents\GitHub\Whitehole-Pro\build\whitehole_app.vcxproj]
      C:\Users\conta\Documents\GitHub\Whitehole-Pro\cpp\src\app\gui_win32.cpp(898,11):
      see declaration of 'viewMenu'
  
C:\Users\conta\Documents\GitHub\Whitehole-Pro\cpp\src\app\gui_win32.cpp(927,16): error C2039: 'objectDb': is not a member of 'whitehole::app::`anonymous-namespace'::EditorState' [C:\Users\conta\Documents\GitHub\Whitehole-Pro\build\whitehole_app.vcxproj]
      C:\Users\conta\Documents\GitHub\Whitehole-Pro\cpp\src\app\gui_win32.cpp(221,8):
      see declaration of 'whitehole::app::`anonymous-namespace'::EditorState'
  
  viewport_win32.cpp
  Generating Code...
BUILD_EXIT_CODE=1 
