MSBuild version 18.10.1-1.26427.6+3cd27c13e for .NET Framework

