-- Configuring done (0.0s)
-- Generating done (0.1s)
-- Build files have been written to: /home/conta/OneDrive/Documents/GitHub/Whitehole-Pro/build
[ 66%] Built target whitehole_core
[ 69%] Building CXX object CMakeFiles/whitehole_app.dir/cpp/src/app/cli.cpp.o
[ 72%] Building CXX object CMakeFiles/whitehole_app.dir/cpp/src/app/object_db_update.cpp.o
[ 77%] Built target whitehole_core_tests
[ 80%] Building CXX object CMakeFiles/whitehole_app.dir/cpp/src/app/gui_win32.cpp.o
[ 83%] Built target whitehole_app
[ 86%] Linking CXX executable whitehole-pro-console.exe
[ 88%] Linking CXX executable whitehole-pro.exe
Copying runtime data next to whitehole-pro-console
Copying runtime data next to whitehole-pro
[ 94%] Built target whitehole-pro-console
[100%] Built target whitehole-pro
build_exit=0

Name                       Length
----                       ------
whitehole-pro-console.exe 2129408
whitehole-pro.exe         2132992


