Starting rebuild 
MSBuild version 18.10.1-1.26427.6+3cd27c13e for .NET Framework

  whitehole_core.vcxproj -> C:\Users\conta\Documents\GitHub\Whitehole-Pro\build\Release\whitehole_core.lib
  gui_win32.cpp
C:\Users\conta\Documents\GitHub\Whitehole-Pro\cpp\src\app\gui_win32.cpp(893,11): error C2374: 'viewMenu': redefinition; multiple initialization [C:\Users\conta\Documents\GitHub\Whitehole-Pro\build\whitehole_app.vcxproj]
      C:\Users\conta\Documents\GitHub\Whitehole-Pro\cpp\src\app\gui_win32.cpp(889,11):
      see declaration of 'viewMenu'
  
C:\Users\conta\Documents\GitHub\Whitehole-Pro\cpp\src\app\gui_win32.cpp(893,11): error C2086: 'HMENU viewMenu': redefinition [C:\Users\conta\Documents\GitHub\Whitehole-Pro\build\whitehole_app.vcxproj]
      C:\Users\conta\Documents\GitHub\Whitehole-Pro\cpp\src\app\gui_win32.cpp(889,11):
      see declaration of 'viewMenu'
  
BUILD_EXIT_CODE=1 
 
Running tests... 
Test project C:/Users/conta/Documents/GitHub/Whitehole-Pro/build
    Start 1: whitehole_core_tests
Could not find executable C:/Users/conta/Documents/GitHub/Whitehole-Pro/build/Release/whitehole_core_tests.exe
Looked in the following places:
C:/Users/conta/Documents/GitHub/Whitehole-Pro/build/Release/whitehole_core_tests.exe
C:/Users/conta/Documents/GitHub/Whitehole-Pro/build/Release/whitehole_core_tests.exe.exe
C:/Users/conta/Documents/GitHub/Whitehole-Pro/build/Release/Release/whitehole_core_tests.exe
C:/Users/conta/Documents/GitHub/Whitehole-Pro/build/Release/Release/whitehole_core_tests.exe.exe
Release/C:/Users/conta/Documents/GitHub/Whitehole-Pro/build/Release/whitehole_core_tests.exe
Release/C:/Users/conta/Documents/GitHub/Whitehole-Pro/build/Release/whitehole_core_tests.exe.exe
Unable to find executable: C:/Users/conta/Documents/GitHub/Whitehole-Pro/build/Release/whitehole_core_tests.exe
1/1 Test #1: whitehole_core_tests .............***Not Run   0.00 sec

0% tests passed, 1 tests failed out of 1

Total Test time (real) =   0.01 sec

The following tests FAILED:
	  1 - whitehole_core_tests (Not Run)
Errors while running CTest
CTEST_EXIT_CODE=8 
