MSBuild version 18.10.1-1.26427.6+3cd27c13e for .NET Framework
Build started 9/18/2026 3:59:57 PM.

Project "C:\Users\conta\Documents\GitHub\Whitehole-Pro\build\whitehole_core.vcxproj" on node 1 (Build target(s)).
Project "C:\Users\conta\Documents\GitHub\Whitehole-Pro\build\whitehole_core.vcxproj" (1) is building "C:\Users\conta\Documents\GitHub\Whitehole-Pro\build\ZERO_CHECK.vcxproj" (2) on node 1 (default targets).
PrepareForBuild:
  Structured output is enabled. The formatting of compiler diagnostics will reflect the error hierarchy. See https://aka.ms/cpp/structured-output for more details.
InitializeBuildStatus:
  Creating "x64\Release\ZERO_CHECK\ZERO_CHECK.tlog\unsuccessfulbuild" because "AlwaysCreate" was specified.
  Touching "x64\Release\ZERO_CHECK\ZERO_CHECK.tlog\unsuccessfulbuild".
CustomBuild:
  All outputs are up-to-date.
FinalizeBuildStatus:
  Deleting file "x64\Release\ZERO_CHECK\ZERO_CHECK.tlog\unsuccessfulbuild".
  Touching "x64\Release\ZERO_CHECK\ZERO_CHECK.tlog\ZERO_CHECK.lastbuildstate".
Done Building Project "C:\Users\conta\Documents\GitHub\Whitehole-Pro\build\ZERO_CHECK.vcxproj" (default targets).
PrepareForBuild:
  Structured output is enabled. The formatting of compiler diagnostics will reflect the error hierarchy. See https://aka.ms/cpp/structured-output for more details.
InitializeBuildStatus:
  Touching "whitehole_core.dir\Release\whitehole_core.tlog\unsuccessfulbuild".
CustomBuild:
  All outputs are up-to-date.
ComputeStdModulesCompileInputs:
  Reading library manifest file 'C:\Program Files\Microsoft Visual Studio\18\Community\VC\Tools\MSVC\14.51.36231\modules\modules.json' which provides data for library 'microsoft/STL'.
  Adding module source 'C:\Program Files\Microsoft Visual Studio\18\Community\VC\Tools\MSVC\14.51.36231\modules\std.ixx' from library 'microsoft/STL' to be built with this project.
  Adding module source 'C:\Program Files\Microsoft Visual Studio\18\Community\VC\Tools\MSVC\14.51.36231\modules\std.compat.ixx' from library 'microsoft/STL' to be built with this project.
ClCompile:
  C:\Program Files\Microsoft Visual Studio\18\Community\VC\Tools\MSVC\14.51.36231\bin\HostX64\x64\CL.exe /c /I"C:\Users\conta\Documents\GitHub\Whitehole-Pro\cpp\include" /nologo /W4 /WX- /diagnostics:column /O2 /Ob2 /D _MBCS /D WIN32 /D _WINDOWS /D NDEBUG /D "CMAKE_INTDIR=\"Release\"" /EHsc /MT /Gy /GR /std:c++20 /permissive- /Fo"whitehole_core.dir\Release\\" /Fd"C:\Users\conta\Documents\GitHub\Whitehole-Pro\build\Release\whitehole_core.pdb" /external:W4 /TP /errorReport:queue  /utf-8 "C:\Users\conta\Documents\GitHub\Whitehole-Pro\cpp\src\db\name_table.cpp" "C:\Users\conta\Documents\GitHub\Whitehole-Pro\cpp\src\io\binary_file.cpp" "C:\Users\conta\Documents\GitHub\Whitehole-Pro\cpp\src\io\directory_filesystem.cpp" "C:\Users\conta\Documents\GitHub\Whitehole-Pro\cpp\src\io\rarc.cpp" "C:\Users\conta\Documents\GitHub\Whitehole-Pro\cpp\src\io\yaz0.cpp" "C:\Users\conta\Documents\GitHub\Whitehole-Pro\cpp\src\render\camera.cpp" "C:\Users\conta\Documents\GitHub\Whitehole-Pro\cpp\src\render\object_visual.cpp" "C:\Users\conta\Documents\GitHub\Whitehole-Pro\cpp\src\render\viewport_scene.cpp" "C:\Users\conta\Documents\GitHub\Whitehole-Pro\cpp\src\smg\bcsv.cpp" "C:\Users\conta\Documents\GitHub\Whitehole-Pro\cpp\src\smg\field_hashes.cpp" "C:\Users\conta\Documents\GitHub\Whitehole-Pro\cpp\src\smg\galaxy_archive.cpp" "C:\Users\conta\Documents\GitHub\Whitehole-Pro\cpp\src\smg\game_archive.cpp" "C:\Users\conta\Documents\GitHub\Whitehole-Pro\cpp\src\smg\hash.cpp" "C:\Users\conta\Documents\GitHub\Whitehole-Pro\cpp\src\smg\bti.cpp" "C:\Users\conta\Documents\GitHub\Whitehole-Pro\cpp\src\smg\stage_archive.cpp"
  name_table.cpp
  binary_file.cpp
